/home/busoye_tm/Documents/matthew/projects/nakedbytes/research_experiment/third_party/nanopb/pb_decode.c:68:25:buf_read	16	static
/home/busoye_tm/Documents/matthew/projects/nakedbytes/research_experiment/third_party/nanopb/pb_decode.c:81:18:pb_read	80	static
/home/busoye_tm/Documents/matthew/projects/nakedbytes/research_experiment/third_party/nanopb/pb_decode.c:142:14:pb_istream_from_buffer	8	static
/home/busoye_tm/Documents/matthew/projects/nakedbytes/research_experiment/third_party/nanopb/pb_decode.c:171:18:pb_decode_varint32	80	static
/home/busoye_tm/Documents/matthew/projects/nakedbytes/research_experiment/third_party/nanopb/pb_decode.c:230:18:pb_decode_varint	64	static
/home/busoye_tm/Documents/matthew/projects/nakedbytes/research_experiment/third_party/nanopb/pb_decode.c:278:18:pb_decode_tag	64	static
/home/busoye_tm/Documents/matthew/projects/nakedbytes/research_experiment/third_party/nanopb/pb_decode.c:318:18:pb_skip_field	48	static
/home/busoye_tm/Documents/matthew/projects/nakedbytes/research_experiment/third_party/nanopb/pb_decode.c:1027:25:pb_decode_inner	256	static
/home/busoye_tm/Documents/matthew/projects/nakedbytes/research_experiment/third_party/nanopb/pb_decode.c:417:25:decode_basic_field	112	static
/home/busoye_tm/Documents/matthew/projects/nakedbytes/research_experiment/third_party/nanopb/pb_decode.c:835:25:decode_field	176	static
/home/busoye_tm/Documents/matthew/projects/nakedbytes/research_experiment/third_party/nanopb/pb_decode.c:988:13:pb_message_set_to_defaults	160	static
/home/busoye_tm/Documents/matthew/projects/nakedbytes/research_experiment/third_party/nanopb/pb_decode.c:383:18:pb_make_string_substream	48	static
/home/busoye_tm/Documents/matthew/projects/nakedbytes/research_experiment/third_party/nanopb/pb_decode.c:398:18:pb_close_string_substream	80	static
/home/busoye_tm/Documents/matthew/projects/nakedbytes/research_experiment/third_party/nanopb/pb_decode.c:1198:18:pb_decode_ex	112	static
/home/busoye_tm/Documents/matthew/projects/nakedbytes/research_experiment/third_party/nanopb/pb_decode.c:1226:18:pb_decode	8	static
/home/busoye_tm/Documents/matthew/projects/nakedbytes/research_experiment/third_party/nanopb/pb_decode.c:1371:6:pb_release	8	static
/home/busoye_tm/Documents/matthew/projects/nakedbytes/research_experiment/third_party/nanopb/pb_decode.c:1381:6:pb_decode_bool	32	static
/home/busoye_tm/Documents/matthew/projects/nakedbytes/research_experiment/third_party/nanopb/pb_decode.c:1391:6:pb_decode_svarint	32	static
/home/busoye_tm/Documents/matthew/projects/nakedbytes/research_experiment/third_party/nanopb/pb_decode.c:1405:6:pb_decode_fixed32	48	static
/home/busoye_tm/Documents/matthew/projects/nakedbytes/research_experiment/third_party/nanopb/pb_decode.c:1428:6:pb_decode_fixed64	48	static
