/home/busoye_tm/Documents/matthew/projects/nakedbytes/research_experiment/third_party/nanopb/pb_encode.c:53:25:buf_write	16	static
/home/busoye_tm/Documents/matthew/projects/nakedbytes/research_experiment/third_party/nanopb/pb_encode.c:244:25:pb_check_proto3_default_value	96	static
/home/busoye_tm/Documents/matthew/projects/nakedbytes/research_experiment/third_party/nanopb/pb_encode.c:63:14:pb_ostream_from_buffer	8	static
/home/busoye_tm/Documents/matthew/projects/nakedbytes/research_experiment/third_party/nanopb/pb_encode.c:84:18:pb_write	32	static
/home/busoye_tm/Documents/matthew/projects/nakedbytes/research_experiment/third_party/nanopb/pb_encode.c:607:18:pb_encode_varint	64	static
/home/busoye_tm/Documents/matthew/projects/nakedbytes/research_experiment/third_party/nanopb/pb_encode.c:788:25:pb_enc_varint	8	static
/home/busoye_tm/Documents/matthew/projects/nakedbytes/research_experiment/third_party/nanopb/pb_encode.c:625:18:pb_encode_svarint	64	static
/home/busoye_tm/Documents/matthew/projects/nakedbytes/research_experiment/third_party/nanopb/pb_encode.c:637:18:pb_encode_fixed32	16	static
/home/busoye_tm/Documents/matthew/projects/nakedbytes/research_experiment/third_party/nanopb/pb_encode.c:654:18:pb_encode_fixed64	16	static
/home/busoye_tm/Documents/matthew/projects/nakedbytes/research_experiment/third_party/nanopb/pb_encode.c:675:18:pb_encode_tag	64	static
/home/busoye_tm/Documents/matthew/projects/nakedbytes/research_experiment/third_party/nanopb/pb_encode.c:681:6:pb_encode_tag_for_field	64	static
/home/busoye_tm/Documents/matthew/projects/nakedbytes/research_experiment/third_party/nanopb/pb_encode.c:716:18:pb_encode_string	80	static
/home/busoye_tm/Documents/matthew/projects/nakedbytes/research_experiment/third_party/nanopb/pb_encode.c:724:18:pb_encode_submessage	208	static
/home/busoye_tm/Documents/matthew/projects/nakedbytes/research_experiment/third_party/nanopb/pb_encode.c:362:25:encode_basic_field.part.0	64	static
/home/busoye_tm/Documents/matthew/projects/nakedbytes/research_experiment/third_party/nanopb/pb_encode.c:418:25:encode_field	112	static
/home/busoye_tm/Documents/matthew/projects/nakedbytes/research_experiment/third_party/nanopb/pb_encode.c:487:37:encode_extension_field.isra	112	static
/home/busoye_tm/Documents/matthew/projects/nakedbytes/research_experiment/third_party/nanopb/pb_encode.c:512:18:pb_encode	112	static
/home/busoye_tm/Documents/matthew/projects/nakedbytes/research_experiment/third_party/nanopb/pb_encode.c:557:6:pb_get_encoded_size	160	static
/home/busoye_tm/Documents/matthew/projects/nakedbytes/research_experiment/third_party/nanopb/pb_encode.c:536:18:pb_encode_ex	128	static
